// Jest Snapshot v1, https://goo.gl/fbAQLP

exports[`render match snapshot 1`] = `
ShallowWrapper {
  "length": 1,
  Symbol(enzyme.__root__): [Circular],
  Symbol(enzyme.__unrendered__): <Unknown
    betsIds={Array []}
    context={
        Object {
            "betsIds": Array [],
          }
    }
    selection={
        Object {
            "id": "SEL_1",
            "name": "Real Madrid",
            "price": 1.23,
          }
    }
/>,
  Symbol(enzyme.__renderer__): Object {
    "batchedUpdates": [Function],
    "getNode": [Function],
    "render": [Function],
    "simulateEvent": [Function],
    "unmount": [Function],
  },
  Symbol(enzyme.__node__): Object {
    "instance": null,
    "key": undefined,
    "nodeType": "host",
    "props": Object {
      "children": Array [
        <div
          className="name"
>
          Real Madrid
</div>,
        <div
          className="price"
>
          1.23
</div>,
      ],
      "className": "selection",
      "onClick": [Function],
    },
    "ref": null,
    "rendered": Array [
      Object {
        "instance": null,
        "key": undefined,
        "nodeType": "host",
        "props": Object {
          "children": "Real Madrid",
          "className": "name",
        },
        "ref": null,
        "rendered": "Real Madrid",
        "type": "div",
      },
      Object {
        "instance": null,
        "key": undefined,
        "nodeType": "host",
        "props": Object {
          "children": 1.23,
          "className": "price",
        },
        "ref": null,
        "rendered": 1.23,
        "type": "div",
      },
    ],
    "type": "div",
  },
  Symbol(enzyme.__nodes__): Array [
    Object {
      "instance": null,
      "key": undefined,
      "nodeType": "host",
      "props": Object {
        "children": Array [
          <div
            className="name"
>
            Real Madrid
</div>,
          <div
            className="price"
>
            1.23
</div>,
        ],
        "className": "selection",
        "onClick": [Function],
      },
      "ref": null,
      "rendered": Array [
        Object {
          "instance": null,
          "key": undefined,
          "nodeType": "host",
          "props": Object {
            "children": "Real Madrid",
            "className": "name",
          },
          "ref": null,
          "rendered": "Real Madrid",
          "type": "div",
        },
        Object {
          "instance": null,
          "key": undefined,
          "nodeType": "host",
          "props": Object {
            "children": 1.23,
            "className": "price",
          },
          "ref": null,
          "rendered": 1.23,
          "type": "div",
        },
      ],
      "type": "div",
    },
  ],
  Symbol(enzyme.__options__): Object {
    "adapter": ReactSixteenAdapter {
      "options": Object {
        "enableComponentDidUpdateOnSetState": true,
      },
    },
  },
}
`;
